1574690750091,testEvent,123,4,123
